[Licensing::Module] Trying to connect to existing licensing client channel...
Built from '6000.3/staging' branch; Version is '6000.3.13f1 (8c4f11e4fb20) revision 9195281'; Using compiler version '194234433'; Build Type 'Release'
[Licensing::IpcConnector] Successfully connected to: "LicenseClient-rekka" at "2026-10-02T18:15:41.0091378Z"
OS: 'Windows 11  (10.0.26200) Core' Language: 'ja' Physical Memory: 16000 MB
BatchMode: 1, IsHumanControllingUs: 0, StartBugReporterOnCrash: 0, Is64bit: 1
System  architecture: x64
Process architecture: x64
Date: 2026-10-02T18:15:41Z

COMMAND LINE ARGUMENTS:
C:\Program Files\Unity\Hub\Editor\6000.3.13f1\Editor\Unity.exe
-batchmode
-nographics
-projectPath
C:/Users/rekka/2DActionGame
-executeMethod
BackgroundRepairValidation.RepairStage1
-logFile
C:/Users/rekka/2DActionGame/StageAuthoringReports/background-gap-repair.log
Successfully changed project path to: C:/Users/rekka/2DActionGame
C:/Users/rekka/2DActionGame
[UnityMemory] Configuration Parameters - Can be set up in boot.config
    "memorysetup-temp-allocator-size-nav-mesh-worker=65536"
    "memorysetup-temp-allocator-size-audio-worker=65536"
    "memorysetup-temp-allocator-size-gfx=262144"
    "memorysetup-allocator-temp-initial-block-size-main=262144"
    "memorysetup-allocator-temp-initial-block-size-worker=262144"
    "memorysetup-temp-allocator-size-background-worker=32768"
    "memorysetup-temp-allocator-size-job-worker=262144"
    "memorysetup-temp-allocator-size-preload-manager=33554432"
    "memorysetup-temp-allocator-size-gi-baking-worker=262144"
    "memorysetup-temp-allocator-size-gi-baking-worker=262144"
    "memorysetup-temp-allocator-size-gi-baking-worker=262144"
    "memorysetup-temp-allocator-size-gi-baking-worker=262144"
    "memorysetup-temp-allocator-size-gi-baking-worker=262144"
    "memorysetup-bucket-allocator-granularity=16"
    "memorysetup-bucket-allocator-bucket-count=8"
    "memorysetup-bucket-allocator-block-size=33554432"
    "memorysetup-bucket-allocator-block-count=8"
    "memorysetup-main-allocator-block-size=16777216"
    "memorysetup-thread-allocator-block-size=16777216"
    "memorysetup-gfx-main-allocator-block-size=16777216"
    "memorysetup-gfx-thread-allocator-block-size=16777216"
    "memorysetup-cache-allocator-block-size=4194304"
    "memorysetup-typetree-allocator-block-size=2097152"
    "memorysetup-profiler-bucket-allocator-granularity=16"
    "memorysetup-profiler-bucket-allocator-bucket-count=8"
    "memorysetup-profiler-bucket-allocator-block-size=33554432"
    "memorysetup-profiler-bucket-allocator-block-count=8"
    "memorysetup-profiler-allocator-block-size=16777216"
    "memorysetup-profiler-editor-allocator-block-size=1048576"
    "memorysetup-temp-allocator-size-main=16777216"
    "memorysetup-job-temp-allocator-block-size=2097152"
    "memorysetup-job-temp-allocator-block-size-background=1048576"
    "memorysetup-job-temp-allocator-reduction-small-platforms=262144"
    "memorysetup-temp-allocator-size-cloud-worker=32768"
Player connection [23424]  Target information:

Player connection [23424]  * "[IP] 192.168.1.1 [Port] 55504 [Flags] 2 [Guid] 3900429117 [EditorId] 3900429117 [Version] 1048832 [Id] WindowsEditor(7,KANOUNUVERSITY) [Debug] 1 [PackageName] WindowsEditor [ProjectName] Editor" 

Player connection [23424]  * "[IP] 172.27.160.1 [Port] 55504 [Flags] 2 [Guid] 3900429117 [EditorId] 3900429117 [Version] 1048832 [Id] WindowsEditor(7,KANOUNUVERSITY) [Debug] 1 [PackageName] WindowsEditor [ProjectName] Editor" 

Player connection [23424]  * "[IP] 192.168.1.7 [Port] 55504 [Flags] 2 [Guid] 3900429117 [EditorId] 3900429117 [Version] 1048832 [Id] WindowsEditor(7,KANOUNUVERSITY) [Debug] 1 [PackageName] WindowsEditor [ProjectName] Editor" 

Unable to join player connection multicast group (err: 10013).
Player connection [23424] Host joined alternative multi-casting on [225.0.0.222:34997]...
Input System module state changed to: Initialized.
[Physics::Module] Initialized fallback backend.
[Physics::Module] Id: 0xdecafbad
[Package Manager] Connected to IPC stream "Upm-29972" after 0.8 seconds.
[Licensing::Module] Licensing is not yet initialized.
[Licensing::Client] Error: HandshakeResponse reported an error:
	ResponseCode: 505
	ResponseStatus: Unsupported protocol version '1.18.1'.
[Licensing::Module] Error: Failed to handshake to channel: "LicenseClient-rekka"
[Licensing::IpcConnector] LicenseClient-rekka channel disconnected successfully.
[Licensing::IpcConnector] Channel LicenseClient-rekka-6000.3.13 doesn't exist
[Licensing::Module] Successfully launched the LicensingClient (PId: 18560)
[Licensing::IpcConnector] Successfully connected to: "LicenseClient-rekka-6000.3.13" at "2026-10-02T18:15:46.4970491Z"
[Licensing::Client] Handshaking with LicensingClient:
  Version:                 1.18.1+9fbee8e
  Session Id:              1286a7da076a495396f287cbbcff39f9
  Correlation Id:          830c4bb3606359ee337d62b310ba8328
  External correlation Id: 5508667340456072987
  Machine Id:              HEYpkbjaIU2G1nhHhHlhCq2+qew=
[Licensing::Module] Successfully connected to LicensingClient on channel: "LicenseClient-rekka-6000.3.13" (connect: 0.86s, validation: 0.08s, handshake: 3.91s)
[Licensing::IpcConnector] Successfully connected to: "LicenseClient-rekka-6000.3.13-notifications" at "2026-10-02T18:15:50.4922079Z"
[Licensing::Module] Connected to LicensingClient (PId: 18560, launch time: 0.02, total connection time: 4.85s)
[Licensing::Module] Error: Access token is unavailable; failed to update
[Licensing::Client] Successfully resolved entitlement details
[Licensing::Module] License group:
  Id: 15668484983643-UnityPersXXXX
  Product: Unity Personal
  Type: Assigned
  Expiration: Unlimited
[Licensing::Client] Successfully updated license, isAsync: True, time: 0.01
[Licensing::Client] Successfully resolved entitlement details
[Licensing::Module] Licensing Background thread has ended after 9.54s
[Licensing::Module] Licensing is initialized (took 8.05s).
[Licensing::Client] Successfully resolved entitlement details
Library Redirect Path: Library/
[Physics::Module] Selected backend.
[Physics::Module] Name: PhysX
[Physics::Module] Id: 0xf2b8ea05
[Physics::Module] SDK Version: 4.1.2
[Physics::Module] Integration Version: 1.0.0
[Physics::Module] Threading Mode: Multi-Threaded
Refreshing native plugins compatible for Editor in 2.21 ms, found 0 plugins.
Preloading 0 native plugins for Editor in 0.00 ms.
Initialize engine version: 6000.3.13f1 (8c4f11e4fb20)
[Subsystems] Discovering subsystems at path C:/Program Files/Unity/Hub/Editor/6000.3.13f1/Editor/Data/Resources/UnitySubsystems
[Subsystems] Discovering subsystems at path C:/Users/rekka/2DActionGame/Assets
Forcing GfxDevice: Null
GfxDevice: creating device client; kGfxThreadingModeNonThreaded
NullGfxDevice:
    Version:  NULL 1.0 [1.0]
    Renderer: Null Device
    Vendor:   Unity Technologies
Initialize mono
Mono path[0] = 'C:/Program Files/Unity/Hub/Editor/6000.3.13f1/Editor/Data/Managed'
Mono path[1] = 'C:/Program Files/Unity/Hub/Editor/6000.3.13f1/Editor/Data/MonoBleedingEdge/lib/mono/unityjit-win32'
Mono config path = 'C:/Program Files/Unity/Hub/Editor/6000.3.13f1/Editor/Data/MonoBleedingEdge/etc'
Using monoOptions --debugger-agent=transport=dt_socket,embedding=1,server=y,suspend=n,address=127.0.0.1:56972
Using cacheserver namespaces - metadata:defaultmetadata, artifacts:defaultartifacts
Using cacheserver namespaces - metadata:defaultmetadata, artifacts:defaultartifacts
ImportWorker Server TCP listen port: 0
AcceleratorClientConnectionCallback - disconnected - :0
Begin MonoManager ReloadAssembly
Registering precompiled unity dll's ...
Register platform support module: C:/Program Files/Unity/Hub/Editor/6000.3.13f1/Editor/Data/PlaybackEngines/WindowsStandaloneSupport/UnityEditor.WindowsStandalone.Extensions.dll
[Licensing::Client] Successfully resolved entitlement details
Register platform support module: C:/Program Files/Unity/Hub/Editor/6000.3.13f1/Editor/Data/PlaybackEngines/AndroidPlayer/UnityEditor.Android.Extensions.dll
[Licensing::Client] Successfully resolved entitlement details
Register platform support module: C:/Program Files/Unity/Hub/Editor/6000.3.13f1/Editor/Data/PlaybackEngines/iOSSupport/UnityEditor.iOS.Extensions.dll
Registered in 0.030269 seconds.
- Loaded All Assemblies, in  0.926 seconds
Native extension for iOS target not found
Native extension for Android target not found
Native extension for WindowsStandalone target not found
Package Manager log level set to [2]
ScheduleIndexationOnStartup MainProcess:False IndexOnStartup:True
Mono: successfully reloaded assembly
- Finished resetting the current domain, in  0.880 seconds
Domain Reload Profiling: 1802ms
	BeginReloadAssembly (339ms)
		ExecutionOrderSort (0ms)
		DisableScriptedObjects (0ms)
		BackupInstance (0ms)
		ReleaseScriptingObjects (0ms)
		CreateAndSetChildDomain (23ms)
	RebuildCommonClasses (70ms)
	RebuildNativeTypeToScriptingClass (19ms)
	initialDomainReloadingComplete (108ms)
	LoadAllAssembliesAndSetupDomain (385ms)
		LoadAssemblies (300ms)
		RebuildTransferFunctionScriptingTraits (0ms)
		AnalyzeDomain (377ms)
			TypeCache.Refresh (372ms)
				TypeCache.ScanAssembly (339ms)
			BuildScriptInfoCaches (0ms)
			ResolveRequiredComponents (1ms)
	FinalizeReload (881ms)
		ReleaseScriptCaches (0ms)
		RebuildScriptCaches (0ms)
		SetupLoadedEditorAssemblies (788ms)
			LogAssemblyErrors (0ms)
			InitializePlatformSupportModulesInManaged (160ms)
			SetLoadedEditorAssemblies (10ms)
			BeforeProcessingInitializeOnLoad (147ms)
			ProcessInitializeOnLoadAttributes (312ms)
			ProcessInitializeOnLoadMethodAttributes (160ms)
			AfterProcessingInitializeOnLoad (0ms)
			EditorAssembliesLoaded (0ms)
		ExecutionOrderSort2 (0ms)
		AwakeInstancesAfterBackupRestoration (0ms)
[Licensing::Client] Successfully resolved entitlement details
Application.AssetDatabase Initial Refresh Start
[Package Manager] Restoring resolved packages state from cache
[Licensing::Client] Successfully resolved entitlement details
[Package Manager] Registered 69 packages:
  Packages from [https://packages.unity.com]:
    com.unity.2d.animation@13.0.4 (location: C:\Users\rekka\2DActionGame\Library\PackageCache\com.unity.2d.animation@7396d8477ca9)
    com.unity.2d.aseprite@3.0.1 (location: C:\Users\rekka\2DActionGame\Library\PackageCache\com.unity.2d.aseprite@809e3a168ff7)
    com.unity.2d.psdimporter@12.0.1 (location: C:\Users\rekka\2DActionGame\Library\PackageCache\com.unity.2d.psdimporter@9abe0f7cac7e)
    com.unity.2d.spriteshape@13.0.0 (location: C:\Users\rekka\2DActionGame\Library\PackageCache\com.unity.2d.spriteshape@0738bab11647)
    com.unity.2d.tilemap.extras@6.0.1 (location: C:\Users\rekka\2DActionGame\Library\PackageCache\com.unity.2d.tilemap.extras@3dde84bf3867)
    com.unity.2d.tooling@1.0.2 (location: C:\Users\rekka\2DActionGame\Library\PackageCache\com.unity.2d.tooling@249995156768)
    com.unity.cinemachine@3.1.6 (location: C:\Users\rekka\2DActionGame\Library\PackageCache\com.unity.cinemachine@285f38545487)
    com.unity.collab-proxy@2.12.4 (location: C:\Users\rekka\2DActionGame\Library\PackageCache\com.unity.collab-proxy@0b1559bcd34e)
    com.unity.ide.rider@3.0.39 (location: C:\Users\rekka\2DActionGame\Library\PackageCache\com.unity.ide.rider@4504839d03f7)
    com.unity.ide.visualstudio@2.0.26 (location: C:\Users\rekka\2DActionGame\Library\PackageCache\com.unity.ide.visualstudio@a99d56dec63f)
    com.unity.ide.vscode@1.2.5 (location: C:\Users\rekka\2DActionGame\Library\PackageCache\com.unity.ide.vscode@82e68656b7bd)
    com.unity.inputsystem@1.19.0 (location: C:\Users\rekka\2DActionGame\Library\PackageCache\com.unity.inputsystem@21a28c3a6c83)
    com.unity.timeline@1.8.12 (location: C:\Users\rekka\2DActionGame\Library\PackageCache\com.unity.timeline@8cd8509afae5)
    com.unity.visualscripting@1.9.11 (location: C:\Users\rekka\2DActionGame\Library\PackageCache\com.unity.visualscripting@8bed5ad90189)
    com.unity.splines@2.8.4 (location: C:\Users\rekka\2DActionGame\Library\PackageCache\com.unity.splines@9b00833aca09)
    com.unity.2d.common@12.0.2 (location: C:\Users\rekka\2DActionGame\Library\PackageCache\com.unity.2d.common@800085e896ad)
    com.unity.mathematics@1.3.3 (location: C:\Users\rekka\2DActionGame\Library\PackageCache\com.unity.mathematics@19a9377c4ffa)
    com.unity.collections@2.6.5 (location: C:\Users\rekka\2DActionGame\Library\PackageCache\com.unity.collections@12999e356c23)
    com.unity.searcher@4.9.4 (location: C:\Users\rekka\2DActionGame\Library\PackageCache\com.unity.searcher@d45a78918735)
    com.unity.burst@1.8.29 (location: C:\Users\rekka\2DActionGame\Library\PackageCache\com.unity.burst@6bb9aca3ef38)
    com.unity.settings-manager@2.1.1 (location: C:\Users\rekka\2DActionGame\Library\PackageCache\com.unity.settings-manager@0b8638c5ce86)
    com.unity.nuget.mono-cecil@1.11.6 (location: C:\Users\rekka\2DActionGame\Library\PackageCache\com.unity.nuget.mono-cecil@ecb9724e46ff)
    com.unity.test-framework.performance@3.4.0 (location: C:\Users\rekka\2DActionGame\Library\PackageCache\com.unity.test-framework.performance@aa81a99c4a75)
  Built-in packages:
    com.unity.2d.sprite@1.0.0 (location: C:\Users\rekka\2DActionGame\Library\PackageCache\com.unity.2d.sprite@d14b9d497a24)
    com.unity.2d.tilemap@1.0.0 (location: C:\Users\rekka\2DActionGame\Library\PackageCache\com.unity.2d.tilemap@43eb9b2da17d)
    com.unity.multiplayer.center@1.0.1 (location: C:\Users\rekka\2DActionGame\Library\PackageCache\com.unity.multiplayer.center@f01f4ba8d00a)
    com.unity.render-pipelines.universal@17.3.0 (location: C:\Users\rekka\2DActionGame\Library\PackageCache\com.unity.render-pipelines.universal@d00cd191b3cc)
    com.unity.test-framework@1.6.0 (location: C:\Users\rekka\2DActionGame\Library\PackageCache\com.unity.test-framework@aebcb98460c6)
    com.unity.ugui@2.0.0 (location: C:\Users\rekka\2DActionGame\Library\PackageCache\com.unity.ugui@8ccc29d23a79)
    com.unity.modules.accessibility@1.0.0 (location: C:\Users\rekka\2DActionGame\Library\PackageCache\com.unity.modules.accessibility)
    com.unity.modules.adaptiveperformance@1.0.0 (location: C:\Users\rekka\2DActionGame\Library\PackageCache\com.unity.modules.adaptiveperformance)
    com.unity.modules.ai@1.0.0 (location: C:\Users\rekka\2DActionGame\Library\PackageCache\com.unity.modules.ai)
    com.unity.modules.androidjni@1.0.0 (location: C:\Users\rekka\2DActionGame\Library\PackageCache\com.unity.modules.androidjni)
    com.unity.modules.animation@1.0.0 (location: C:\Users\rekka\2DActionGame\Library\PackageCache\com.unity.modules.animation)
    com.unity.modules.assetbundle@1.0.0 (location: C:\Users\rekka\2DActionGame\Library\PackageCache\com.unity.modules.assetbundle)
    com.unity.modules.audio@1.0.0 (location: C:\Users\rekka\2DActionGame\Library\PackageCache\com.unity.modules.audio)
    com.unity.modules.cloth@1.0.0 (location: C:\Users\rekka\2DActionGame\Library\PackageCache\com.unity.modules.cloth)
    com.unity.modules.director@1.0.0 (location: C:\Users\rekka\2DActionGame\Library\PackageCache\com.unity.modules.director)
    com.unity.modules.imageconversion@1.0.0 (location: C:\Users\rekka\2DActionGame\Library\PackageCache\com.unity.modules.imageconversion)
    com.unity.modules.imgui@1.0.0 (location: C:\Users\rekka\2DActionGame\Library\PackageCache\com.unity.modules.imgui)
    com.unity.modules.jsonserialize@1.0.0 (location: C:\Users\rekka\2DActionGame\Library\PackageCache\com.unity.modules.jsonserialize)
    com.unity.modules.particlesystem@1.0.0 (location: C:\Users\rekka\2DActionGame\Library\PackageCache\com.unity.modules.particlesystem)
    com.unity.modules.physics@1.0.0 (location: C:\Users\rekka\2DActionGame\Library\PackageCache\com.unity.modules.physics)
    com.unity.modules.physics2d@1.0.0 (location: C:\Users\rekka\2DActionGame\Library\PackageCache\com.unity.modules.physics2d)
    com.unity.modules.screencapture@1.0.0 (location: C:\Users\rekka\2DActionGame\Library\PackageCache\com.unity.modules.screencapture)
    com.unity.modules.terrain@1.0.0 (location: C:\Users\rekka\2DActionGame\Library\PackageCache\com.unity.modules.terrain)
    com.unity.modules.terrainphysics@1.0.0 (location: C:\Users\rekka\2DActionGame\Library\PackageCache\com.unity.modules.terrainphysics)
    com.unity.modules.tilemap@1.0.0 (location: C:\Users\rekka\2DActionGame\Library\PackageCache\com.unity.modules.tilemap)
    com.unity.modules.ui@1.0.0 (location: C:\Users\rekka\2DActionGame\Library\PackageCache\com.unity.modules.ui)
    com.unity.modules.uielements@1.0.0 (location: C:\Users\rekka\2DActionGame\Library\PackageCache\com.unity.modules.uielements)
    com.unity.modules.umbra@1.0.0 (location: C:\Users\rekka\2DActionGame\Library\PackageCache\com.unity.modules.umbra)
    com.unity.modules.unityanalytics@1.0.0 (location: C:\Users\rekka\2DActionGame\Library\PackageCache\com.unity.modules.unityanalytics)
    com.unity.modules.unitywebrequest@1.0.0 (location: C:\Users\rekka\2DActionGame\Library\PackageCache\com.unity.modules.unitywebrequest)
    com.unity.modules.unitywebrequestassetbundle@1.0.0 (location: C:\Users\rekka\2DActionGame\Library\PackageCache\com.unity.modules.unitywebrequestassetbundle)
    com.unity.modules.unitywebrequestaudio@1.0.0 (location: C:\Users\rekka\2DActionGame\Library\PackageCache\com.unity.modules.unitywebrequestaudio)
    com.unity.modules.unitywebrequesttexture@1.0.0 (location: C:\Users\rekka\2DActionGame\Library\PackageCache\com.unity.modules.unitywebrequesttexture)
    com.unity.modules.unitywebrequestwww@1.0.0 (location: C:\Users\rekka\2DActionGame\Library\PackageCache\com.unity.modules.unitywebrequestwww)
    com.unity.modules.vectorgraphics@1.0.0 (location: C:\Users\rekka\2DActionGame\Library\PackageCache\com.unity.modules.vectorgraphics)
    com.unity.modules.vehicles@1.0.0 (location: C:\Users\rekka\2DActionGame\Library\PackageCache\com.unity.modules.vehicles)
    com.unity.modules.video@1.0.0 (location: C:\Users\rekka\2DActionGame\Library\PackageCache\com.unity.modules.video)
    com.unity.modules.vr@1.0.0 (location: C:\Users\rekka\2DActionGame\Library\PackageCache\com.unity.modules.vr)
    com.unity.modules.wind@1.0.0 (location: C:\Users\rekka\2DActionGame\Library\PackageCache\com.unity.modules.wind)
    com.unity.modules.xr@1.0.0 (location: C:\Users\rekka\2DActionGame\Library\PackageCache\com.unity.modules.xr)
    com.unity.modules.subsystems@1.0.0 (location: C:\Users\rekka\2DActionGame\Library\PackageCache\com.unity.modules.subsystems)
    com.unity.modules.hierarchycore@1.0.0 (location: C:\Users\rekka\2DActionGame\Library\PackageCache\com.unity.modules.hierarchycore)
    com.unity.ext.nunit@2.0.5 (location: C:\Users\rekka\2DActionGame\Library\PackageCache\com.unity.ext.nunit@d8c07649098d)
    com.unity.render-pipelines.core@17.3.0 (location: C:\Users\rekka\2DActionGame\Library\PackageCache\com.unity.render-pipelines.core@beca2a4be9a2)
    com.unity.shadergraph@17.3.0 (location: C:\Users\rekka\2DActionGame\Library\PackageCache\com.unity.shadergraph@8453f937f03b)
    com.unity.render-pipelines.universal-config@17.0.3 (location: C:\Users\rekka\2DActionGame\Library\PackageCache\com.unity.render-pipelines.universal-config@8dc1aab4af1d)
[Package Manager] com.unity.ide.vscode is deprecated: Visual Studio Code package is not supported anymore. You can continue to use it, but we won't provide any update anymore.
[Subsystems] No new subsystems found in resolved package list.
[Package Manager] Done registering packages in 0.08 seconds
Assembly reference Packages/com.unity.cinemachine/Editor/Samples/ExposeHDRPInternals/HDRP-Editor-ref.asmref has no target assembly definition
Assembly reference Packages/com.unity.cinemachine/Editor/Samples/ExposeHDRPInternals/HDRP-Editor-ref.asmref has no target assembly definition
[ScriptCompilation] Requested script compilation because: Assetdatabase observed changes in script compilation related files
Starting: C:\Program Files\Unity\Hub\Editor\6000.3.13f1\Editor\Data\Tools\BuildPipeline\bee_backend.exe --ipc --defer-dag-verification --dagfile="Library/Bee/1900b0aE.dag" --continue-on-failure --profile="Library/Bee/backend1.traceevents" ScriptAssemblies
WorkingDir: C:/Users/rekka/2DActionGame
DisplayProgressbar: Compiling Scripts
ExitCode: 0 Duration: 4s818ms
[ 865/1113  0s] ILPP-Configuration Library/ilpp-configuration.nevergeneratedoutput
[1109/1113  3s] Csc Library/Bee/artifacts/1900b0aE.dag/Assembly-CSharp-Editor.dll (+2 others)
[1110/1113  1s] ILPostProcess Library/Bee/artifacts/1900b0aE.dag/post-processed/Assembly-CSharp-Editor.dll (+pdb)
Processing assembly Library/Bee/artifacts/1900b0aE.dag/Assembly-CSharp-Editor.dll, with 135 defines and 364 references

processors: Unity.Jobs.CodeGen.JobsILPostProcessor, zzzUnity.Burst.CodeGen.BurstILPostProcessor

running Unity.Jobs.CodeGen.JobsILPostProcessor

running zzzUnity.Burst.CodeGen.BurstILPostProcessor
[1111/1113  0s] CopyFiles Library/ScriptAssemblies/Assembly-CSharp-Editor.dll
[1112/1113  0s] CopyFiles Library/ScriptAssemblies/Assembly-CSharp-Editor.pdb
*** Tundra build success (4.73 seconds), 5 items updated, 1113 evaluated
AssetDatabase: script compilation time: 5.807740s
Begin MonoManager ReloadAssembly
- Loaded All Assemblies, in  1.895 seconds
'Packages/com.unity.cinemachine/Editor/Editors/CinemachineVirtualCameraBaseEditor.cs' contains partial class of Unity.Object, exactly 1 of the partial classes needs to be in a file with the same filename. This is to know the one that can be referenced from ie. GameObjects
'Packages/com.unity.cinemachine/Editor/Obsolete/CinemachineVirtualCameraBaseEditor.cs' contains partial class of Unity.Object, exactly 1 of the partial classes needs to be in a file with the same filename. This is to know the one that can be referenced from ie. GameObjects
Refreshing native plugins compatible for Editor in 9.90 ms, found 5 plugins.
Native extension for iOS target not found
Native extension for Android target not found
Native extension for WindowsStandalone target not found
Assembly reference Packages/com.unity.cinemachine/Editor/Samples/ExposeHDRPInternals/HDRP-Editor-ref.asmref has no target assembly definition
Refreshing native plugins compatible for Editor in 5.27 ms, found 5 plugins.
ScheduleIndexationOnStartup MainProcess:True IndexOnStartup:True
Mono: successfully reloaded assembly
- Finished resetting the current domain, in  6.911 seconds
Domain Reload Profiling: 8796ms
	BeginReloadAssembly (535ms)
		ExecutionOrderSort (0ms)
		DisableScriptedObjects (54ms)
		BackupInstance (0ms)
		ReleaseScriptingObjects (0ms)
		CreateAndSetChildDomain (212ms)
	RebuildCommonClasses (70ms)
	RebuildNativeTypeToScriptingClass (24ms)
	initialDomainReloadingComplete (55ms)
	LoadAllAssembliesAndSetupDomain (1200ms)
		LoadAssemblies (785ms)
		RebuildTransferFunctionScriptingTraits (0ms)
		AnalyzeDomain (609ms)
			TypeCache.Refresh (428ms)
				TypeCache.ScanAssembly (401ms)
			BuildScriptInfoCaches (152ms)
			ResolveRequiredComponents (19ms)
	FinalizeReload (6912ms)
		ReleaseScriptCaches (0ms)
		RebuildScriptCaches (0ms)
		SetupLoadedEditorAssemblies (6235ms)
			LogAssemblyErrors (0ms)
			InitializePlatformSupportModulesInManaged (96ms)
			SetLoadedEditorAssemblies (8ms)
			BeforeProcessingInitializeOnLoad (303ms)
			ProcessInitializeOnLoadAttributes (5551ms)
			ProcessInitializeOnLoadMethodAttributes (264ms)
			AfterProcessingInitializeOnLoad (12ms)
			EditorAssembliesLoaded (1ms)
		ExecutionOrderSort2 (0ms)
		AwakeInstancesAfterBackupRestoration (52ms)
Start importing Packages/com.unity.render-pipelines.core/Tests/Editor/UnifiedRayTracing/TraceRays.urtshader using Guid(1142bbad8b9e8c44c83a9775ff120d37) (ScriptedImporter)Launched and connected shader compiler UnityShaderCompiler.exe after 0.02 seconds

Compiling Ray Tracing Shader "TraceRays.urtshader", keywords = <no keywords>
    finished in 0.01 seconds. Local cache hits 1, remote cache hits 0, compiled 0 platform variants
 -> (artifact id: 'a8ea6742f6b880d9739bf23df9eb18bb') in 0.108406 seconds
Start importing Packages/com.unity.render-pipelines.universal/Runtime/RendererFeatures/SurfaceCacheGI/SurfaceCacheCore/RisEstimation.urtshader using Guid(713f6141bd66a134383b787f2eaa7c11) (ScriptedImporter)
Compiling Ray Tracing Shader "RisEstimation.urtshader", keywords = <no keywords>
    finished in 0.00 seconds. Local cache hits 1, remote cache hits 0, compiled 0 platform variants
 -> (artifact id: '85483653542df2a9584e21311af209c0') in 0.0463933 seconds
Start importing Packages/com.unity.render-pipelines.core/Editor/Lighting/ProbeVolume/RenderingLayerMask/TraceRenderingLayerMask.urtshader using Guid(94a070d33e408384bafc1dea4a565df9) (ScriptedImporter)
Compiling Ray Tracing Shader "TraceRenderingLayerMask.urtshader", keywords = <no keywords>
    finished in 0.00 seconds. Local cache hits 1, remote cache hits 0, compiled 0 platform variants
 -> (artifact id: 'f6bb3bec601b57d177013f54cb992ef1') in 0.0302792 seconds
Start importing Packages/com.unity.render-pipelines.universal/Runtime/RendererFeatures/SurfaceCacheGI/SurfaceCacheCore/UniformEstimation.urtshader using Guid(94a39d12848d8d64ca962a72b74e7c50) (ScriptedImporter)
Compiling Ray Tracing Shader "UniformEstimation.urtshader", keywords = <no keywords>
    finished in 0.00 seconds. Local cache hits 1, remote cache hits 0, compiled 0 platform variants
 -> (artifact id: '1f0c4babd42b95190a91ecdc2fab132e') in 0.0212365 seconds
Start importing Packages/com.unity.render-pipelines.core/Tests/Editor/UnifiedRayTracing/TraceTransparentRays.urtshader using Guid(6513c3b892e933c4f8d00c19d5c47532) (ScriptedImporter)
Compiling Ray Tracing Shader "TraceTransparentRays.urtshader", keywords = <no keywords>
    finished in 0.00 seconds. Local cache hits 1, remote cache hits 0, compiled 0 platform variants
 -> (artifact id: 'd432cdd77f7a99d2ab5546ea5c7fd3a4') in 0.0145603 seconds
Start importing Packages/com.unity.render-pipelines.core/Editor/Lighting/ProbeVolume/DynamicGI/DynamicGISkyOcclusion.urtshader using Guid(5a2a534753fbdb44e96c3c78b5a6999d) (ScriptedImporter)
Compiling Ray Tracing Shader "DynamicGISkyOcclusion.urtshader", keywords = <no keywords>
    finished in 0.00 seconds. Local cache hits 1, remote cache hits 0, compiled 0 platform variants
 -> (artifact id: '0e972ffc1eaacfd3d5ff1f02b75498da') in 0.0178141 seconds
Start importing Packages/com.unity.render-pipelines.core/Tests/Editor/UnifiedRayTracing/TraceRaysAndFetchAttributes.urtshader using Guid(fbc59f55df2416344b008dc23753cae2) (ScriptedImporter)
Compiling Ray Tracing Shader "TraceRaysAndFetchAttributes.urtshader", keywords = <no keywords>
    finished in 0.00 seconds. Local cache hits 1, remote cache hits 0, compiled 0 platform variants
 -> (artifact id: '5e518210d64afcf414624668b000722c') in 0.0153899 seconds
Start importing Packages/com.unity.render-pipelines.universal/Runtime/RendererFeatures/SurfaceCacheGI/SurfaceCacheCore/RestirCandidateTemporal.urtshader using Guid(ad3a9f9982f8c4f4a839a78955e78458) (ScriptedImporter)
Compiling Ray Tracing Shader "RestirCandidateTemporal.urtshader", keywords = <no keywords>
    finished in 0.00 seconds. Local cache hits 1, remote cache hits 0, compiled 0 platform variants
 -> (artifact id: 'bb4b7d12fb6ed0039744ade1ce8b423b') in 0.0216405 seconds
Start importing Packages/com.unity.render-pipelines.core/Editor/Lighting/ProbeVolume/VirtualOffset/TraceVirtualOffset.urtshader using Guid(ff2cbab5da58bf04d82c5f34037ed123) (ScriptedImporter)
Compiling Ray Tracing Shader "TraceVirtualOffset.urtshader", keywords = <no keywords>
    finished in 0.00 seconds. Local cache hits 1, remote cache hits 0, compiled 0 platform variants
 -> (artifact id: '6c6b9fa987ce9ca680d4a29ff6a084fa') in 0.0311353 seconds
Refreshing native plugins compatible for Editor in 4.02 ms, found 5 plugins.
Preloading 0 native plugins for Editor in 0.00 ms.
Asset Pipeline Refresh (id=b07d11b8c66e1404d984bd1ba4daf3a9): Total: 17.138 seconds - Initiated by InitialRefreshV2(ForceSynchronousImport)
	Summary:
		Imports: total=9 (actual=9, local cache=0, cache server=0)
		Asset DB Process Time: managed=10 ms, native=8454 ms
		Asset DB Callback time: managed=556 ms, native=286 ms
		Scripting: domain reloads=1, domain reload time=1895 ms, compile time=5810 ms, other=124 ms
		Project Asset Count: scripts=1699, non-scripts=4020
		Asset File Changes: new=0, changed=1, moved=0, deleted=0
		Scan Filter Count: 0
	InvokeCustomDependenciesCallbacks: 0.002ms
	InvokePackagesCallback: 90.950ms
	ApplyChangesToAssetFolders: 1.387ms
	Scan: 320.264ms
	OnSourceAssetsModified: 2.113ms
	CategorizeAssetsWithTransientArtifact: 101.532ms
	ProcessAssetsWithTransientArtifactChanges: 268.851ms
	CategorizeAssets: 138.760ms
	ImportOutOfDateAssets: 7288.001ms (1134.543ms without children)
		ImportManagerImport: 333.168ms (9.068ms without children)
			ImportInProcess: 323.126ms
			UpdateCategorizedAssets: 0.975ms
		CompileScripts: 5810.399ms
		ReloadNativeAssets: 0.065ms
		UnloadImportedAssets: 1.604ms
		ReloadImportedAssets: 4.152ms
		EnsureUptoDateAssetsAreRegisteredWithGuidPM: 2.164ms
		InitializingProgressBar: 0.016ms
		PostProcessAllAssetNotificationsAddChangedAssets: 0.001ms
		OnDemandSchedulerStart: 1.889ms
	PostProcessAllAssets: 747.318ms
	Hotreload: 7.064ms
	GatherAllCurrentPrimaryArtifactRevisions: 0.004ms
	UnloadStreamsBegin: 4.624ms
	PersistCurrentRevisions: 0.699ms
	UnloadStreamsEnd: 0.003ms
	GenerateScriptTypeHashes: 8.256ms
	Untracked: 8166.290ms

Application.AssetDatabase Initial Refresh End
Scanning for USB devices : 2.371ms
Initializing Unity extensions:
[MODES] ModeService[none].Initialize
[MODES] ModeService[none].LoadModes
[MODES] Loading mode Default (0) for mode-current-id-2DActionGame
Unloading 26 Unused Serialized files (Serialized files now loaded: 0)
Unloading 7618 unused Assets / (4.6 MB). Loaded Objects now: 8475.
Memory consumption went from 235.4 MB to 230.8 MB.
Total: 26.192400 ms (FindLiveObjects: 0.932900 ms CreateObjectMapping: 0.687400 ms MarkObjects: 16.299100 ms  DeleteObjects: 8.267700 ms)

Opening scene 'Assets/Scenes/Stage/Stage1.unity'
Unloading 19 Unused Serialized files (Serialized files now loaded: 0)
Refreshing native plugins compatible for Editor in 11.99 ms, found 5 plugins.
Preloading 0 native plugins for Editor in 0.00 ms.
Loaded scene 'Assets/Scenes/Stage/Stage1.unity'
	Deserialize:            48.980 ms
	Integration:            737.388 ms
	Integration of assets:  31.088 ms
	Thread Wait Time:       0.003 ms
	Total Operation Time:   817.459 ms
Unloading 2 unused Assets / (Unknown). Loaded Objects now: 8787.
Memory consumption went from 224.2 MB to 226.1 MB.
Total: 22.859400 ms (FindLiveObjects: 0.852600 ms CreateObjectMapping: 0.616600 ms MarkObjects: 21.113100 ms  DeleteObjects: 0.274000 ms)

Start importing Assets/Scenes/Stage/Stage1.unity using Guid(0e996441320bb894a93246d660dda871) (DefaultImporter) -> (artifact id: '386d090cf7748ff8ca7f3f5add7d9d41') in 0.0025886 seconds
Refreshing native plugins compatible for Editor in 6.64 ms, found 5 plugins.
Preloading 0 native plugins for Editor in 0.00 ms.
Asset Pipeline Refresh (id=83f044704c7215f4d87a188f7e1fa2cc): Total: 0.307 seconds - Initiated by StopAssetImportingV2(NoUpdateAssetOptions)
	Summary:
		Imports: total=1 (actual=1, local cache=0, cache server=0)
		Asset DB Process Time: managed=0 ms, native=277 ms
		Asset DB Callback time: managed=9 ms, native=19 ms
		Scripting: domain reloads=0, domain reload time=0 ms, compile time=0 ms, other=0 ms
		Project Asset Count: scripts=1699, non-scripts=4020
		Asset File Changes: new=0, changed=1, moved=0, deleted=0
		Scan Filter Count: 4
	InvokeCustomDependenciesCallbacks: 0.001ms
	InvokePackagesCallback: 0.002ms
	ApplyChangesToAssetFolders: 0.354ms
	Scan: 32.883ms
	OnSourceAssetsModified: 1.450ms
	CategorizeAssetsWithTransientArtifact: 0.022ms
	ProcessAssetsWithTransientArtifactChanges: 0.113ms
	CategorizeAssets: 175.584ms
	ImportOutOfDateAssets: 55.869ms (1.257ms without children)
		ImportManagerImport: 49.747ms (1.220ms without children)
			ImportInProcess: 48.456ms
			UpdateCategorizedAssets: 0.072ms
		ReloadNativeAssets: 0.164ms
		UnloadImportedAssets: 0.966ms
		ReloadImportedAssets: 0.001ms
		EnsureUptoDateAssetsAreRegisteredWithGuidPM: 2.507ms
		InitializingProgressBar: 0.018ms
		PostProcessAllAssetNotificationsAddChangedAssets: 0.003ms
		OnDemandSchedulerStart: 1.206ms
	PostProcessAllAssets: 20.981ms
	Hotreload: 7.312ms
	GatherAllCurrentPrimaryArtifactRevisions: 0.899ms
	UnloadStreamsBegin: 0.454ms
	PersistCurrentRevisions: 0.660ms
	UnloadStreamsEnd: 0.004ms
	Untracked: 10.459ms

Opening scene 'Assets/Scenes/Stage/Stage1.unity'
Unloading 26 Unused Serialized files (Serialized files now loaded: 0)
Loaded scene 'Assets/Scenes/Stage/Stage1.unity'
	Deserialize:            4.766 ms
	Integration:            475.684 ms
	Integration of assets:  0.007 ms
	Thread Wait Time:       0.132 ms
	Total Operation Time:   480.589 ms
Unloading 165 unused Assets / (11.5 MB). Loaded Objects now: 8795.
Memory consumption went from 244.2 MB to 232.7 MB.
Total: 13.505000 ms (FindLiveObjects: 0.698100 ms CreateObjectMapping: 0.308000 ms MarkObjects: 12.092100 ms  DeleteObjects: 0.404600 ms)

Opening scene 'Assets/Scenes/Stage/Stage1.unity'
Unloading 1 Unused Serialized files (Serialized files now loaded: 0)
Loaded scene 'Assets/Scenes/Stage/Stage1.unity'
	Deserialize:            4.185 ms
	Integration:            380.866 ms
	Integration of assets:  0.007 ms
	Thread Wait Time:       0.095 ms
	Total Operation Time:   385.154 ms
Unloading 1 unused Assets / (0.5 KB). Loaded Objects now: 8795.
Memory consumption went from 232.2 MB to 232.2 MB.
Total: 13.250200 ms (FindLiveObjects: 0.629400 ms CreateObjectMapping: 0.352800 ms MarkObjects: 12.173200 ms  DeleteObjects: 0.091700 ms)

Opening scene 'Assets/Scenes/Stage/Stage2.unity'
Unloading 2 Unused Serialized files (Serialized files now loaded: 0)
Loaded scene 'Assets/Scenes/Stage/Stage2.unity'
	Deserialize:            2.185 ms
	Integration:            373.416 ms
	Integration of assets:  0.004 ms
	Thread Wait Time:       0.086 ms
	Total Operation Time:   375.691 ms
Unloading 103 unused Assets / (34.1 KB). Loaded Objects now: 8614.
Memory consumption went from 225.4 MB to 225.4 MB.
Total: 14.651700 ms (FindLiveObjects: 0.635800 ms CreateObjectMapping: 0.289900 ms MarkObjects: 13.234600 ms  DeleteObjects: 0.487900 ms)

Opening scene 'Assets/Scenes/Terrain.unity'
Unloading 6 Unused Serialized files (Serialized files now loaded: 0)
Loaded scene 'Assets/Scenes/Terrain.unity'
	Deserialize:            46.959 ms
	Integration:            478.241 ms
	Integration of assets:  0.064 ms
	Thread Wait Time:       0.009 ms
	Total Operation Time:   525.272 ms
Unloading 25 unused Assets / (3.3 KB). Loaded Objects now: 8730.
Memory consumption went from 225.8 MB to 225.8 MB.
Total: 17.608700 ms (FindLiveObjects: 0.774300 ms CreateObjectMapping: 0.612200 ms MarkObjects: 16.050200 ms  DeleteObjects: 0.168900 ms)

Opening scene 'Assets/Scenes/SampleU.unity'
Unloading 65 Unused Serialized files (Serialized files now loaded: 0)
Loaded scene 'Assets/Scenes/SampleU.unity'
	Deserialize:            54.899 ms
	Integration:            387.076 ms
	Integration of assets:  0.027 ms
	Thread Wait Time:       0.067 ms
	Total Operation Time:   442.069 ms
Unloading 172 unused Assets / (92.4 KB). Loaded Objects now: 8547.
Memory consumption went from 225.2 MB to 225.1 MB.
Total: 15.725000 ms (FindLiveObjects: 0.674000 ms CreateObjectMapping: 0.300000 ms MarkObjects: 13.747200 ms  DeleteObjects: 1.001100 ms)

Unloading 7 Unused Serialized files (Serialized files now loaded: 0)
Unloading 30 unused Assets / (0.6 MB). Loaded Objects now: 8482.
Memory consumption went from 224.7 MB to 224.1 MB.
Total: 13.267900 ms (FindLiveObjects: 0.637200 ms CreateObjectMapping: 0.258100 ms MarkObjects: 12.154900 ms  DeleteObjects: 0.215000 ms)

Opening scene 'Assets/Scenes/Stage/Stage1.unity'
Unloading 21 Unused Serialized files (Serialized files now loaded: 0)
Refreshing native plugins compatible for Editor in 4.29 ms, found 5 plugins.
Preloading 0 native plugins for Editor in 0.00 ms.
Loaded scene 'Assets/Scenes/Stage/Stage1.unity'
	Deserialize:            8.106 ms
	Integration:            383.932 ms
	Integration of assets:  8.989 ms
	Thread Wait Time:       0.146 ms
	Total Operation Time:   401.173 ms
Unloading 1 unused Assets / (0.5 KB). Loaded Objects now: 8796.
Memory consumption went from 226.2 MB to 226.2 MB.
Total: 17.992000 ms (FindLiveObjects: 1.038200 ms CreateObjectMapping: 0.345800 ms MarkObjects: 16.530900 ms  DeleteObjects: 0.074200 ms)

Opening scene 'Assets/Scenes/Stage/撮影用.unity'
Unloading 14 Unused Serialized files (Serialized files now loaded: 0)
Loaded scene 'Assets/Scenes/Stage/撮影用.unity'
	Deserialize:            13.495 ms
	Integration:            451.122 ms
	Integration of assets:  0.007 ms
	Thread Wait Time:       0.128 ms
	Total Operation Time:   464.751 ms
Unloading 78 unused Assets / (19.6 KB). Loaded Objects now: 8761.
Memory consumption went from 226.6 MB to 226.5 MB.
Total: 15.856100 ms (FindLiveObjects: 0.705900 ms CreateObjectMapping: 0.435800 ms MarkObjects: 14.525100 ms  DeleteObjects: 0.186700 ms)

Killing ADB server in 2.1271504 seconds.
[Physics::Module] Cleanup current backend.
[Physics::Module] Id: 0xf2b8ea05
Input System module state changed to: ShutdownInProgress.
Input System polling thread exited.
Input System module state changed to: Shutdown.
[Licensing::IpcConnector] LicenseClient-rekka-6000.3.13-notifications channel disconnected successfully.
[Licensing::IpcConnector] LicenseClient-rekka-6000.3.13 channel disconnected successfully.
AcceleratorClientConnectionCallback - disconnected - :0
Cleanup mono
Checking for leaked weakptr:
  Found no leaked weakptrs.
[Package Manager] Server process was shutdown
##utp:{"type":"MemoryLeaks","version":2,"phase":"Immediate","time":1790964986234,"processId":29972,"allocatedMemory":23038925,"memoryLabels":[{"Default":29313},{"Permanent":15236},{"NewDelete":67875},{"Thread":4230344},{"Manager":32861},{"VertexData":8},{"Geometry":816},{"Texture":160},{"Shader":81429},{"Material":24},{"GfxDevice":55265},{"Animation":392},{"Audio":3040},{"FreeType":8},{"FontEngine":736},{"Physics":2090},{"Physics2D":16},{"Serialization":528},{"Input":14984},{"JobScheduler":33024},{"TextLib":216},{"Mono":32},{"MonoCode":64},{"ScriptingNativeRuntime":155060},{"BaseObject":1620336},{"Resource":1336},{"Renderer":3000},{"Transform":4685},{"File":27321},{"WebCam":616},{"Culling":32},{"Terrain":11394},{"Wind":24},{"STL":40},{"String":18979},{"DynamicArray":124155},{"HashMap":4271611},{"Utility":2660278},{"Curl":2478},{"PoolAlloc":2152},{"AI":80},{"TypeTree":16093},{"ScriptManager":512},{"RuntimeInitializeOnLoadManager":64},{"SpriteAtlas":112},{"GI":7792},{"Director":8240},{"CloudService":9072},{"WebRequest":12729},{"VR":47994},{"SceneManager":504},{"Video":64},{"LazyScriptCache":32},{"Camera":17},{"Secure":2113},{"SerializationCache":1576},{"APIUpdating":10320},{"Subsystems":336},{"VirtualTexturing":57888},{"StaticSafetyDebugInfo":278528},{"Analytics":384},{"Hierarchy":608},{"CoreStats":13032},{"Identifiers":12960},{"Gui":96},{"EditorUtility":108122},{"VersionControl":4},{"Undo":947},{"AssetDatabase":8931722},{"EditorGi":328},{"UnityConnect":29208},{"Upm":1896},{"AssetCompliance":64},{"DrivenProperties":72},{"LocalIPC":211},{"ProfilerEditor":9746},{"CoreBusinessMetrics":2877},{"Licensing":664},{"AssetReference":32},{"IPCStream":32}]}
~StackAllocator(ALLOC_TEMP_MAIN) m_LastAlloc not NULL. Did you forget to call FreeAllStackAllocations()? To get more information, run app with -diag-temp-memory-leak-validation cmd line argument
