[Licensing::Module] Trying to connect to existing licensing client channel...
Built from '6000.3/staging' branch; Version is '6000.3.13f1 (8c4f11e4fb20) revision 9195281'; Using compiler version '194234433'; Build Type 'Release'
[Licensing::IpcConnector] Successfully connected to: "LicenseClient-rekka" at "2026-10-02T17:34:47.6056233Z"
OS: 'Windows 11  (10.0.26200) Core' Language: 'ja' Physical Memory: 16000 MB
BatchMode: 1, IsHumanControllingUs: 0, StartBugReporterOnCrash: 0, Is64bit: 1
System  architecture: x64
Process architecture: x64
Date: 2026-10-02T17:34:47Z

COMMAND LINE ARGUMENTS:
C:\Program Files\Unity\Hub\Editor\6000.3.13f1\Editor\Unity.exe
-batchmode
-nographics
-projectPath
C:/Users/rekka/2DActionGame
-executeMethod
StageAuthoringBootstrap.Build
-logFile
C:/Users/rekka/2DActionGame/StageAuthoringReports/build.log
Successfully changed project path to: C:/Users/rekka/2DActionGame
C:/Users/rekka/2DActionGame
[UnityMemory] Configuration Parameters - Can be set up in boot.config
    "memorysetup-temp-allocator-size-nav-mesh-worker=65536"
    "memorysetup-temp-allocator-size-audio-worker=65536"
    "memorysetup-temp-allocator-size-gfx=262144"
    "memorysetup-allocator-temp-initial-block-size-main=262144"
    "memorysetup-allocator-temp-initial-block-size-worker=262144"
    "memorysetup-temp-allocator-size-background-worker=32768"
    "memorysetup-temp-allocator-size-job-worker=262144"
    "memorysetup-temp-allocator-size-preload-manager=33554432"
    "memorysetup-temp-allocator-size-gi-baking-worker=262144"
    "memorysetup-temp-allocator-size-gi-baking-worker=262144"
    "memorysetup-temp-allocator-size-gi-baking-worker=262144"
    "memorysetup-temp-allocator-size-gi-baking-worker=262144"
    "memorysetup-temp-allocator-size-gi-baking-worker=262144"
    "memorysetup-bucket-allocator-granularity=16"
    "memorysetup-bucket-allocator-bucket-count=8"
    "memorysetup-bucket-allocator-block-size=33554432"
    "memorysetup-bucket-allocator-block-count=8"
    "memorysetup-main-allocator-block-size=16777216"
    "memorysetup-thread-allocator-block-size=16777216"
    "memorysetup-gfx-main-allocator-block-size=16777216"
    "memorysetup-gfx-thread-allocator-block-size=16777216"
    "memorysetup-cache-allocator-block-size=4194304"
    "memorysetup-typetree-allocator-block-size=2097152"
    "memorysetup-profiler-bucket-allocator-granularity=16"
    "memorysetup-profiler-bucket-allocator-bucket-count=8"
    "memorysetup-profiler-bucket-allocator-block-size=33554432"
    "memorysetup-profiler-bucket-allocator-block-count=8"
    "memorysetup-profiler-allocator-block-size=16777216"
    "memorysetup-profiler-editor-allocator-block-size=1048576"
    "memorysetup-temp-allocator-size-main=16777216"
    "memorysetup-job-temp-allocator-block-size=2097152"
    "memorysetup-job-temp-allocator-block-size-background=1048576"
    "memorysetup-job-temp-allocator-reduction-small-platforms=262144"
    "memorysetup-temp-allocator-size-cloud-worker=32768"
Player connection [26992]  Target information:

Player connection [26992]  * "[IP] 192.168.1.1 [Port] 55504 [Flags] 2 [Guid] 947394153 [EditorId] 947394153 [Version] 1048832 [Id] WindowsEditor(7,KANOUNUVERSITY) [Debug] 1 [PackageName] WindowsEditor [ProjectName] Editor" 

Player connection [26992]  * "[IP] 172.27.160.1 [Port] 55504 [Flags] 2 [Guid] 947394153 [EditorId] 947394153 [Version] 1048832 [Id] WindowsEditor(7,KANOUNUVERSITY) [Debug] 1 [PackageName] WindowsEditor [ProjectName] Editor" 

Player connection [26992]  * "[IP] 192.168.1.7 [Port] 55504 [Flags] 2 [Guid] 947394153 [EditorId] 947394153 [Version] 1048832 [Id] WindowsEditor(7,KANOUNUVERSITY) [Debug] 1 [PackageName] WindowsEditor [ProjectName] Editor" 

Unable to join player connection multicast group (err: 10013).
Player connection [26992] Host joined alternative multi-casting on [225.0.0.222:34997]...
Input System module state changed to: Initialized.
[Physics::Module] Initialized fallback backend.
[Physics::Module] Id: 0xdecafbad
[Package Manager] Connected to IPC stream "Upm-7768" after 0.7 seconds.
[Licensing::Module] Licensing is not yet initialized.
[Licensing::Client] Error: HandshakeResponse reported an error:
	ResponseCode: 505
	ResponseStatus: Unsupported protocol version '1.18.1'.
[Licensing::Module] Error: Failed to handshake to channel: "LicenseClient-rekka"
[Licensing::IpcConnector] LicenseClient-rekka channel disconnected successfully.
[Licensing::IpcConnector] Channel LicenseClient-rekka-6000.3.13 doesn't exist
[Licensing::Module] Successfully launched the LicensingClient (PId: 43132)
[Licensing::IpcConnector] Successfully connected to: "LicenseClient-rekka-6000.3.13" at "2026-10-02T17:34:52.6866076Z"
[Licensing::Client] Handshaking with LicensingClient:
  Version:                 1.18.1+9fbee8e
  Session Id:              b223924c81dd4618ac4111696ff1f5c8
  Correlation Id:          c07634e367bf0d8709fe751b2fd4650c
  External correlation Id: 1085647834005923090
  Machine Id:              HEYpkbjaIU2G1nhHhHlhCq2+qew=
[Licensing::Module] Successfully connected to LicensingClient on channel: "LicenseClient-rekka-6000.3.13" (connect: 0.86s, validation: 0.11s, handshake: 3.95s)
[Licensing::IpcConnector] Successfully connected to: "LicenseClient-rekka-6000.3.13-notifications" at "2026-10-02T17:34:56.7542621Z"
[Licensing::Module] Connected to LicensingClient (PId: 43132, launch time: 0.02, total connection time: 4.92s)
[Licensing::Module] Error: Access token is unavailable; failed to update
[Licensing::Client] Successfully resolved entitlement details
[Licensing::Module] License group:
  Id: 15668484983643-UnityPersXXXX
  Product: Unity Personal
  Type: Assigned
  Expiration: Unlimited
[Licensing::Client] Successfully updated license, isAsync: True, time: 0.02
[Licensing::Client] Successfully resolved entitlement details
[Licensing::Module] Licensing Background thread has ended after 9.38s
[Licensing::Module] Licensing is initialized (took 8.03s).
[Licensing::Client] Successfully resolved entitlement details
Library Redirect Path: Library/
[Physics::Module] Selected backend.
[Physics::Module] Name: PhysX
[Physics::Module] Id: 0xf2b8ea05
[Physics::Module] SDK Version: 4.1.2
[Physics::Module] Integration Version: 1.0.0
[Physics::Module] Threading Mode: Multi-Threaded
Refreshing native plugins compatible for Editor in 0.92 ms, found 0 plugins.
Preloading 0 native plugins for Editor in 0.00 ms.
Initialize engine version: 6000.3.13f1 (8c4f11e4fb20)
[Subsystems] Discovering subsystems at path C:/Program Files/Unity/Hub/Editor/6000.3.13f1/Editor/Data/Resources/UnitySubsystems
[Subsystems] Discovering subsystems at path C:/Users/rekka/2DActionGame/Assets
Forcing GfxDevice: Null
GfxDevice: creating device client; kGfxThreadingModeNonThreaded
NullGfxDevice:
    Version:  NULL 1.0 [1.0]
    Renderer: Null Device
    Vendor:   Unity Technologies
Initialize mono
Mono path[0] = 'C:/Program Files/Unity/Hub/Editor/6000.3.13f1/Editor/Data/Managed'
Mono path[1] = 'C:/Program Files/Unity/Hub/Editor/6000.3.13f1/Editor/Data/MonoBleedingEdge/lib/mono/unityjit-win32'
Mono config path = 'C:/Program Files/Unity/Hub/Editor/6000.3.13f1/Editor/Data/MonoBleedingEdge/etc'
Using monoOptions --debugger-agent=transport=dt_socket,embedding=1,server=y,suspend=n,address=127.0.0.1:56768
Using cacheserver namespaces - metadata:defaultmetadata, artifacts:defaultartifacts
Using cacheserver namespaces - metadata:defaultmetadata, artifacts:defaultartifacts
ImportWorker Server TCP listen port: 0
AcceleratorClientConnectionCallback - disconnected - :0
Begin MonoManager ReloadAssembly
Registering precompiled unity dll's ...
Register platform support module: C:/Program Files/Unity/Hub/Editor/6000.3.13f1/Editor/Data/PlaybackEngines/WindowsStandaloneSupport/UnityEditor.WindowsStandalone.Extensions.dll
[Licensing::Client] Successfully resolved entitlement details
Register platform support module: C:/Program Files/Unity/Hub/Editor/6000.3.13f1/Editor/Data/PlaybackEngines/AndroidPlayer/UnityEditor.Android.Extensions.dll
[Licensing::Client] Successfully resolved entitlement details
Register platform support module: C:/Program Files/Unity/Hub/Editor/6000.3.13f1/Editor/Data/PlaybackEngines/iOSSupport/UnityEditor.iOS.Extensions.dll
Registered in 0.039878 seconds.
- Loaded All Assemblies, in  0.978 seconds
Native extension for iOS target not found
Native extension for Android target not found
Native extension for WindowsStandalone target not found
Package Manager log level set to [2]
ScheduleIndexationOnStartup MainProcess:False IndexOnStartup:True
Mono: successfully reloaded assembly
- Finished resetting the current domain, in  0.861 seconds
Domain Reload Profiling: 1832ms
	BeginReloadAssembly (278ms)
		ExecutionOrderSort (0ms)
		DisableScriptedObjects (0ms)
		BackupInstance (0ms)
		ReleaseScriptingObjects (0ms)
		CreateAndSetChildDomain (26ms)
	RebuildCommonClasses (86ms)
	RebuildNativeTypeToScriptingClass (26ms)
	initialDomainReloadingComplete (155ms)
	LoadAllAssembliesAndSetupDomain (425ms)
		LoadAssemblies (246ms)
		RebuildTransferFunctionScriptingTraits (0ms)
		AnalyzeDomain (418ms)
			TypeCache.Refresh (413ms)
				TypeCache.ScanAssembly (384ms)
			BuildScriptInfoCaches (1ms)
			ResolveRequiredComponents (1ms)
	FinalizeReload (862ms)
		ReleaseScriptCaches (0ms)
		RebuildScriptCaches (0ms)
		SetupLoadedEditorAssemblies (744ms)
			LogAssemblyErrors (0ms)
			InitializePlatformSupportModulesInManaged (134ms)
			SetLoadedEditorAssemblies (8ms)
			BeforeProcessingInitializeOnLoad (164ms)
			ProcessInitializeOnLoadAttributes (274ms)
			ProcessInitializeOnLoadMethodAttributes (165ms)
			AfterProcessingInitializeOnLoad (0ms)
			EditorAssembliesLoaded (0ms)
		ExecutionOrderSort2 (0ms)
		AwakeInstancesAfterBackupRestoration (0ms)
[Licensing::Client] Successfully resolved entitlement details
Application.AssetDatabase Initial Refresh Start
[Package Manager] Restoring resolved packages state from cache
[Licensing::Client] Successfully resolved entitlement details
[Package Manager] Registered 69 packages:
  Packages from [https://packages.unity.com]:
    com.unity.2d.animation@13.0.4 (location: C:\Users\rekka\2DActionGame\Library\PackageCache\com.unity.2d.animation@7396d8477ca9)
    com.unity.2d.aseprite@3.0.1 (location: C:\Users\rekka\2DActionGame\Library\PackageCache\com.unity.2d.aseprite@809e3a168ff7)
    com.unity.2d.psdimporter@12.0.1 (location: C:\Users\rekka\2DActionGame\Library\PackageCache\com.unity.2d.psdimporter@9abe0f7cac7e)
    com.unity.2d.spriteshape@13.0.0 (location: C:\Users\rekka\2DActionGame\Library\PackageCache\com.unity.2d.spriteshape@0738bab11647)
    com.unity.2d.tilemap.extras@6.0.1 (location: C:\Users\rekka\2DActionGame\Library\PackageCache\com.unity.2d.tilemap.extras@3dde84bf3867)
    com.unity.2d.tooling@1.0.2 (location: C:\Users\rekka\2DActionGame\Library\PackageCache\com.unity.2d.tooling@249995156768)
    com.unity.cinemachine@3.1.6 (location: C:\Users\rekka\2DActionGame\Library\PackageCache\com.unity.cinemachine@285f38545487)
    com.unity.collab-proxy@2.12.4 (location: C:\Users\rekka\2DActionGame\Library\PackageCache\com.unity.collab-proxy@0b1559bcd34e)
    com.unity.ide.rider@3.0.39 (location: C:\Users\rekka\2DActionGame\Library\PackageCache\com.unity.ide.rider@4504839d03f7)
    com.unity.ide.visualstudio@2.0.26 (location: C:\Users\rekka\2DActionGame\Library\PackageCache\com.unity.ide.visualstudio@a99d56dec63f)
    com.unity.ide.vscode@1.2.5 (location: C:\Users\rekka\2DActionGame\Library\PackageCache\com.unity.ide.vscode@82e68656b7bd)
    com.unity.inputsystem@1.19.0 (location: C:\Users\rekka\2DActionGame\Library\PackageCache\com.unity.inputsystem@21a28c3a6c83)
    com.unity.timeline@1.8.12 (location: C:\Users\rekka\2DActionGame\Library\PackageCache\com.unity.timeline@8cd8509afae5)
    com.unity.visualscripting@1.9.11 (location: C:\Users\rekka\2DActionGame\Library\PackageCache\com.unity.visualscripting@8bed5ad90189)
    com.unity.splines@2.8.4 (location: C:\Users\rekka\2DActionGame\Library\PackageCache\com.unity.splines@9b00833aca09)
    com.unity.2d.common@12.0.2 (location: C:\Users\rekka\2DActionGame\Library\PackageCache\com.unity.2d.common@800085e896ad)
    com.unity.mathematics@1.3.3 (location: C:\Users\rekka\2DActionGame\Library\PackageCache\com.unity.mathematics@19a9377c4ffa)
    com.unity.collections@2.6.5 (location: C:\Users\rekka\2DActionGame\Library\PackageCache\com.unity.collections@12999e356c23)
    com.unity.searcher@4.9.4 (location: C:\Users\rekka\2DActionGame\Library\PackageCache\com.unity.searcher@d45a78918735)
    com.unity.burst@1.8.29 (location: C:\Users\rekka\2DActionGame\Library\PackageCache\com.unity.burst@6bb9aca3ef38)
    com.unity.settings-manager@2.1.1 (location: C:\Users\rekka\2DActionGame\Library\PackageCache\com.unity.settings-manager@0b8638c5ce86)
    com.unity.nuget.mono-cecil@1.11.6 (location: C:\Users\rekka\2DActionGame\Library\PackageCache\com.unity.nuget.mono-cecil@ecb9724e46ff)
    com.unity.test-framework.performance@3.4.0 (location: C:\Users\rekka\2DActionGame\Library\PackageCache\com.unity.test-framework.performance@aa81a99c4a75)
  Built-in packages:
    com.unity.2d.sprite@1.0.0 (location: C:\Users\rekka\2DActionGame\Library\PackageCache\com.unity.2d.sprite@d14b9d497a24)
    com.unity.2d.tilemap@1.0.0 (location: C:\Users\rekka\2DActionGame\Library\PackageCache\com.unity.2d.tilemap@43eb9b2da17d)
    com.unity.multiplayer.center@1.0.1 (location: C:\Users\rekka\2DActionGame\Library\PackageCache\com.unity.multiplayer.center@f01f4ba8d00a)
    com.unity.render-pipelines.universal@17.3.0 (location: C:\Users\rekka\2DActionGame\Library\PackageCache\com.unity.render-pipelines.universal@d00cd191b3cc)
    com.unity.test-framework@1.6.0 (location: C:\Users\rekka\2DActionGame\Library\PackageCache\com.unity.test-framework@aebcb98460c6)
    com.unity.ugui@2.0.0 (location: C:\Users\rekka\2DActionGame\Library\PackageCache\com.unity.ugui@8ccc29d23a79)
    com.unity.modules.accessibility@1.0.0 (location: C:\Users\rekka\2DActionGame\Library\PackageCache\com.unity.modules.accessibility)
    com.unity.modules.adaptiveperformance@1.0.0 (location: C:\Users\rekka\2DActionGame\Library\PackageCache\com.unity.modules.adaptiveperformance)
    com.unity.modules.ai@1.0.0 (location: C:\Users\rekka\2DActionGame\Library\PackageCache\com.unity.modules.ai)
    com.unity.modules.androidjni@1.0.0 (location: C:\Users\rekka\2DActionGame\Library\PackageCache\com.unity.modules.androidjni)
    com.unity.modules.animation@1.0.0 (location: C:\Users\rekka\2DActionGame\Library\PackageCache\com.unity.modules.animation)
    com.unity.modules.assetbundle@1.0.0 (location: C:\Users\rekka\2DActionGame\Library\PackageCache\com.unity.modules.assetbundle)
    com.unity.modules.audio@1.0.0 (location: C:\Users\rekka\2DActionGame\Library\PackageCache\com.unity.modules.audio)
    com.unity.modules.cloth@1.0.0 (location: C:\Users\rekka\2DActionGame\Library\PackageCache\com.unity.modules.cloth)
    com.unity.modules.director@1.0.0 (location: C:\Users\rekka\2DActionGame\Library\PackageCache\com.unity.modules.director)
    com.unity.modules.imageconversion@1.0.0 (location: C:\Users\rekka\2DActionGame\Library\PackageCache\com.unity.modules.imageconversion)
    com.unity.modules.imgui@1.0.0 (location: C:\Users\rekka\2DActionGame\Library\PackageCache\com.unity.modules.imgui)
    com.unity.modules.jsonserialize@1.0.0 (location: C:\Users\rekka\2DActionGame\Library\PackageCache\com.unity.modules.jsonserialize)
    com.unity.modules.particlesystem@1.0.0 (location: C:\Users\rekka\2DActionGame\Library\PackageCache\com.unity.modules.particlesystem)
    com.unity.modules.physics@1.0.0 (location: C:\Users\rekka\2DActionGame\Library\PackageCache\com.unity.modules.physics)
    com.unity.modules.physics2d@1.0.0 (location: C:\Users\rekka\2DActionGame\Library\PackageCache\com.unity.modules.physics2d)
    com.unity.modules.screencapture@1.0.0 (location: C:\Users\rekka\2DActionGame\Library\PackageCache\com.unity.modules.screencapture)
    com.unity.modules.terrain@1.0.0 (location: C:\Users\rekka\2DActionGame\Library\PackageCache\com.unity.modules.terrain)
    com.unity.modules.terrainphysics@1.0.0 (location: C:\Users\rekka\2DActionGame\Library\PackageCache\com.unity.modules.terrainphysics)
    com.unity.modules.tilemap@1.0.0 (location: C:\Users\rekka\2DActionGame\Library\PackageCache\com.unity.modules.tilemap)
    com.unity.modules.ui@1.0.0 (location: C:\Users\rekka\2DActionGame\Library\PackageCache\com.unity.modules.ui)
    com.unity.modules.uielements@1.0.0 (location: C:\Users\rekka\2DActionGame\Library\PackageCache\com.unity.modules.uielements)
    com.unity.modules.umbra@1.0.0 (location: C:\Users\rekka\2DActionGame\Library\PackageCache\com.unity.modules.umbra)
    com.unity.modules.unityanalytics@1.0.0 (location: C:\Users\rekka\2DActionGame\Library\PackageCache\com.unity.modules.unityanalytics)
    com.unity.modules.unitywebrequest@1.0.0 (location: C:\Users\rekka\2DActionGame\Library\PackageCache\com.unity.modules.unitywebrequest)
    com.unity.modules.unitywebrequestassetbundle@1.0.0 (location: C:\Users\rekka\2DActionGame\Library\PackageCache\com.unity.modules.unitywebrequestassetbundle)
    com.unity.modules.unitywebrequestaudio@1.0.0 (location: C:\Users\rekka\2DActionGame\Library\PackageCache\com.unity.modules.unitywebrequestaudio)
    com.unity.modules.unitywebrequesttexture@1.0.0 (location: C:\Users\rekka\2DActionGame\Library\PackageCache\com.unity.modules.unitywebrequesttexture)
    com.unity.modules.unitywebrequestwww@1.0.0 (location: C:\Users\rekka\2DActionGame\Library\PackageCache\com.unity.modules.unitywebrequestwww)
    com.unity.modules.vectorgraphics@1.0.0 (location: C:\Users\rekka\2DActionGame\Library\PackageCache\com.unity.modules.vectorgraphics)
    com.unity.modules.vehicles@1.0.0 (location: C:\Users\rekka\2DActionGame\Library\PackageCache\com.unity.modules.vehicles)
    com.unity.modules.video@1.0.0 (location: C:\Users\rekka\2DActionGame\Library\PackageCache\com.unity.modules.video)
    com.unity.modules.vr@1.0.0 (location: C:\Users\rekka\2DActionGame\Library\PackageCache\com.unity.modules.vr)
    com.unity.modules.wind@1.0.0 (location: C:\Users\rekka\2DActionGame\Library\PackageCache\com.unity.modules.wind)
    com.unity.modules.xr@1.0.0 (location: C:\Users\rekka\2DActionGame\Library\PackageCache\com.unity.modules.xr)
    com.unity.modules.subsystems@1.0.0 (location: C:\Users\rekka\2DActionGame\Library\PackageCache\com.unity.modules.subsystems)
    com.unity.modules.hierarchycore@1.0.0 (location: C:\Users\rekka\2DActionGame\Library\PackageCache\com.unity.modules.hierarchycore)
    com.unity.ext.nunit@2.0.5 (location: C:\Users\rekka\2DActionGame\Library\PackageCache\com.unity.ext.nunit@d8c07649098d)
    com.unity.render-pipelines.core@17.3.0 (location: C:\Users\rekka\2DActionGame\Library\PackageCache\com.unity.render-pipelines.core@beca2a4be9a2)
    com.unity.shadergraph@17.3.0 (location: C:\Users\rekka\2DActionGame\Library\PackageCache\com.unity.shadergraph@8453f937f03b)
    com.unity.render-pipelines.universal-config@17.0.3 (location: C:\Users\rekka\2DActionGame\Library\PackageCache\com.unity.render-pipelines.universal-config@8dc1aab4af1d)
[Package Manager] com.unity.ide.vscode is deprecated: Visual Studio Code package is not supported anymore. You can continue to use it, but we won't provide any update anymore.
[Subsystems] No new subsystems found in resolved package list.
[Package Manager] Done registering packages in 0.10 seconds
Assembly reference Packages/com.unity.cinemachine/Editor/Samples/ExposeHDRPInternals/HDRP-Editor-ref.asmref has no target assembly definition
Assembly reference Packages/com.unity.cinemachine/Editor/Samples/ExposeHDRPInternals/HDRP-Editor-ref.asmref has no target assembly definition
[ScriptCompilation] Requested script compilation because: Assetdatabase observed changes in script compilation related files
Starting: C:\Program Files\Unity\Hub\Editor\6000.3.13f1\Editor\Data\Tools\BuildPipeline\bee_backend.exe --ipc --defer-dag-verification --dagfile="Library/Bee/1900b0aE.dag" --continue-on-failure --profile="Library/Bee/backend1.traceevents" ScriptAssemblies
WorkingDir: C:/Users/rekka/2DActionGame
DisplayProgressbar: Compiling Scripts
ExitCode: 0 Duration: 5s63ms
[ 864/1113  0s] ILPP-Configuration Library/ilpp-configuration.nevergeneratedoutput
[1105/1113  3s] Csc Library/Bee/artifacts/1900b0aE.dag/Assembly-CSharp.dll (+2 others)
[1107/1113  1s] ILPostProcess Library/Bee/artifacts/1900b0aE.dag/post-processed/Assembly-CSharp.dll (+pdb)
Processing assembly Library/Bee/artifacts/1900b0aE.dag/Assembly-CSharp.dll, with 137 defines and 340 references

processors: Unity.Jobs.CodeGen.JobsILPostProcessor, zzzUnity.Burst.CodeGen.BurstILPostProcessor

running Unity.Jobs.CodeGen.JobsILPostProcessor

running zzzUnity.Burst.CodeGen.BurstILPostProcessor
[1108/1113  1s] ILPostProcess Library/Bee/artifacts/1900b0aE.dag/post-processed/Assembly-CSharp-Editor.dll (+pdb)
Processing assembly Library/Bee/artifacts/1900b0aE.dag/Assembly-CSharp-Editor.dll, with 135 defines and 364 references

processors: Unity.Jobs.CodeGen.JobsILPostProcessor, zzzUnity.Burst.CodeGen.BurstILPostProcessor

running Unity.Jobs.CodeGen.JobsILPostProcessor

running zzzUnity.Burst.CodeGen.BurstILPostProcessor
[1111/1113  0s] CopyFiles Library/ScriptAssemblies/Assembly-CSharp.dll
[1112/1113  0s] CopyFiles Library/ScriptAssemblies/Assembly-CSharp.pdb
*** Tundra build success (4.99 seconds), 6 items updated, 1113 evaluated
AssetDatabase: script compilation time: 5.946034s
Begin MonoManager ReloadAssembly
- Loaded All Assemblies, in  1.965 seconds
'Packages/com.unity.cinemachine/Editor/Editors/CinemachineVirtualCameraBaseEditor.cs' contains partial class of Unity.Object, exactly 1 of the partial classes needs to be in a file with the same filename. This is to know the one that can be referenced from ie. GameObjects
'Packages/com.unity.cinemachine/Editor/Obsolete/CinemachineVirtualCameraBaseEditor.cs' contains partial class of Unity.Object, exactly 1 of the partial classes needs to be in a file with the same filename. This is to know the one that can be referenced from ie. GameObjects
Refreshing native plugins compatible for Editor in 11.29 ms, found 5 plugins.
Native extension for iOS target not found
Native extension for Android target not found
Native extension for WindowsStandalone target not found
Assembly reference Packages/com.unity.cinemachine/Editor/Samples/ExposeHDRPInternals/HDRP-Editor-ref.asmref has no target assembly definition
Refreshing native plugins compatible for Editor in 4.18 ms, found 5 plugins.
ScheduleIndexationOnStartup MainProcess:True IndexOnStartup:True
Mono: successfully reloaded assembly
- Finished resetting the current domain, in  7.336 seconds
Domain Reload Profiling: 9284ms
	BeginReloadAssembly (501ms)
		ExecutionOrderSort (0ms)
		DisableScriptedObjects (71ms)
		BackupInstance (0ms)
		ReleaseScriptingObjects (0ms)
		CreateAndSetChildDomain (189ms)
	RebuildCommonClasses (67ms)
	RebuildNativeTypeToScriptingClass (29ms)
	initialDomainReloadingComplete (74ms)
	LoadAllAssembliesAndSetupDomain (1276ms)
		LoadAssemblies (806ms)
		RebuildTransferFunctionScriptingTraits (0ms)
		AnalyzeDomain (633ms)
			TypeCache.Refresh (397ms)
				TypeCache.ScanAssembly (372ms)
			BuildScriptInfoCaches (200ms)
			ResolveRequiredComponents (23ms)
	FinalizeReload (7337ms)
		ReleaseScriptCaches (0ms)
		RebuildScriptCaches (0ms)
		SetupLoadedEditorAssemblies (6654ms)
			LogAssemblyErrors (0ms)
			InitializePlatformSupportModulesInManaged (108ms)
			SetLoadedEditorAssemblies (10ms)
			BeforeProcessingInitializeOnLoad (356ms)
			ProcessInitializeOnLoadAttributes (5921ms)
			ProcessInitializeOnLoadMethodAttributes (250ms)
			AfterProcessingInitializeOnLoad (9ms)
			EditorAssembliesLoaded (1ms)
		ExecutionOrderSort2 (0ms)
		AwakeInstancesAfterBackupRestoration (79ms)
Refreshing native plugins compatible for Editor in 3.56 ms, found 5 plugins.
Preloading 0 native plugins for Editor in 0.00 ms.
Asset Pipeline Refresh (id=f42dfd58484166f4c960ccea48f7f7ae): Total: 17.341 seconds - Initiated by InitialRefreshV2(ForceSynchronousImport)
	Summary:
		Imports: total=0 (actual=0, local cache=0, cache server=0)
		Asset DB Process Time: managed=0 ms, native=8586 ms
		Asset DB Callback time: managed=609 ms, native=121 ms
		Scripting: domain reloads=1, domain reload time=1966 ms, compile time=5949 ms, other=108 ms
		Project Asset Count: scripts=1699, non-scripts=4020
		Asset File Changes: new=0, changed=1, moved=0, deleted=0
		Scan Filter Count: 0
	InvokeCustomDependenciesCallbacks: 0.002ms
	InvokePackagesCallback: 114.111ms
	ApplyChangesToAssetFolders: 2.034ms
	Scan: 247.875ms
	OnSourceAssetsModified: 1.995ms
	CategorizeAssetsWithTransientArtifact: 138.495ms
	ProcessAssetsWithTransientArtifactChanges: 329.296ms
	CategorizeAssets: 145.180ms
	ImportOutOfDateAssets: 7381.455ms (1428.511ms without children)
		CompileScripts: 5949.005ms
		ReloadNativeAssets: 0.073ms
		UnloadImportedAssets: 1.172ms
		EnsureUptoDateAssetsAreRegisteredWithGuidPM: 1.555ms
		InitializingProgressBar: 0.001ms
		PostProcessAllAssetNotificationsAddChangedAssets: 0.001ms
		OnDemandSchedulerStart: 1.138ms
	PostProcessAllAssets: 611.161ms
	Hotreload: 9.104ms
	GatherAllCurrentPrimaryArtifactRevisions: 0.004ms
	UnloadStreamsBegin: 4.887ms
	PersistCurrentRevisions: 0.390ms
	UnloadStreamsEnd: 0.004ms
	GenerateScriptTypeHashes: 8.360ms
	Untracked: 8354.736ms

Application.AssetDatabase Initial Refresh End
Scanning for USB devices : 3.807ms
Initializing Unity extensions:
[MODES] ModeService[none].Initialize
[MODES] ModeService[none].LoadModes
[MODES] Loading mode Default (0) for mode-current-id-2DActionGame
Unloading 20 Unused Serialized files (Serialized files now loaded: 0)
Unloading 7602 unused Assets / (3.1 MB). Loaded Objects now: 8469.
Memory consumption went from 227.8 MB to 224.7 MB.
Total: 26.896600 ms (FindLiveObjects: 1.415900 ms CreateObjectMapping: 1.355800 ms MarkObjects: 17.676500 ms  DeleteObjects: 6.444600 ms)

Asset Pipeline Refresh (id=57370e940a7e5ec47a3408092918a2ab): Total: 0.197 seconds - Initiated by RefreshV2(NoUpdateAssetOptions)
Refreshing native plugins compatible for Editor in 6.53 ms, found 5 plugins.
Preloading 0 native plugins for Editor in 0.00 ms.
Asset Pipeline Refresh (id=6a97aed259e62df4689f1dd9a0a7de19): Total: 0.010 seconds - Initiated by RefreshV2(NoUpdateAssetOptions)
Start importing Assets/StageAuthoring/Layouts/Stage1Layout.asset using Guid(354bc1fa429e2844583653fb823bfa34) (NativeFormatImporter) -> (artifact id: 'b646dd89f94d71f178ac1d44eea937e4') in 0.0253572 seconds
Refreshing native plugins compatible for Editor in 3.65 ms, found 5 plugins.
Preloading 0 native plugins for Editor in 0.00 ms.
Asset Pipeline Refresh (id=b97ee3528dd599641aa8aeb3a65e9aa2): Total: 0.124 seconds - Initiated by StopAssetImportingV2(NoUpdateAssetOptions)
Opening scene 'Assets/Scenes/Stage/Stage1.unity'
Unloading 0 Unused Serialized files (Serialized files now loaded: 0)
Loaded scene 'Assets/Scenes/Stage/Stage1.unity'
	Deserialize:            6.233 ms
	Integration:            389.567 ms
	Integration of assets:  0.007 ms
	Thread Wait Time:       0.089 ms
	Total Operation Time:   395.897 ms
Unloading 17 unused Assets / (211 B). Loaded Objects now: 8707.
Memory consumption went from 195.8 MB to 195.8 MB.
Total: 23.218300 ms (FindLiveObjects: 1.033200 ms CreateObjectMapping: 0.815600 ms MarkObjects: 21.215700 ms  DeleteObjects: 0.149700 ms)

Start importing Assets/Scenes/Stage/Stage1.unity using Guid(0e996441320bb894a93246d660dda871) (DefaultImporter) -> (artifact id: 'f59d2609ecf6b722e42ceeedd7ecbc2d') in 0.0021943 seconds
Refreshing native plugins compatible for Editor in 3.55 ms, found 5 plugins.
Preloading 0 native plugins for Editor in 0.00 ms.
Asset Pipeline Refresh (id=c8ec068be60845240859a68d5d93c92e): Total: 0.074 seconds - Initiated by StopAssetImportingV2(NoUpdateAssetOptions)
Opening scene 'Assets/Scenes/Stage/Stage1.unity'
Unloading 26 Unused Serialized files (Serialized files now loaded: 0)
Loaded scene 'Assets/Scenes/Stage/Stage1.unity'
	Deserialize:            4.846 ms
	Integration:            571.447 ms
	Integration of assets:  0.003 ms
	Thread Wait Time:       0.089 ms
	Total Operation Time:   576.385 ms
Unloading 165 unused Assets / (11.6 MB). Loaded Objects now: 8790.
Memory consumption went from 236.6 MB to 225.0 MB.
Total: 24.537300 ms (FindLiveObjects: 1.255300 ms CreateObjectMapping: 0.893800 ms MarkObjects: 21.602400 ms  DeleteObjects: 0.781700 ms)

Killing ADB server in 2.1709752 seconds.
[Physics::Module] Cleanup current backend.
[Physics::Module] Id: 0xf2b8ea05
Input System module state changed to: ShutdownInProgress.
Input System polling thread exited.
Input System module state changed to: Shutdown.
[Licensing::IpcConnector] LicenseClient-rekka-6000.3.13-notifications channel disconnected successfully.
[Licensing::IpcConnector] LicenseClient-rekka-6000.3.13 channel disconnected successfully.
AcceleratorClientConnectionCallback - disconnected - :0
Cleanup mono
Checking for leaked weakptr:
  Found no leaked weakptrs.
[Package Manager] Server process was shutdown
##utp:{"type":"MemoryLeaks","version":2,"phase":"Immediate","time":1790962529683,"processId":7768,"allocatedMemory":23009528,"memoryLabels":[{"Default":29313},{"Permanent":15236},{"NewDelete":67875},{"Thread":4230344},{"Manager":32861},{"VertexData":8},{"Geometry":816},{"Texture":160},{"Shader":79381},{"Material":24},{"GfxDevice":55265},{"Animation":392},{"Audio":3040},{"FreeType":8},{"FontEngine":736},{"Physics":2090},{"Physics2D":16},{"Serialization":528},{"Input":14984},{"JobScheduler":33024},{"TextLib":216},{"Mono":32},{"MonoCode":64},{"ScriptingNativeRuntime":155060},{"BaseObject":1620336},{"Resource":1336},{"Renderer":3000},{"Transform":4685},{"File":15633},{"WebCam":616},{"Culling":32},{"Terrain":11394},{"Wind":24},{"STL":40},{"String":16559},{"DynamicArray":124155},{"HashMap":4271611},{"Utility":2660278},{"Curl":2478},{"PoolAlloc":2152},{"AI":80},{"TypeTree":16093},{"ScriptManager":512},{"RuntimeInitializeOnLoadManager":64},{"SpriteAtlas":112},{"GI":7792},{"Director":8240},{"CloudService":7776},{"WebRequest":808},{"VR":47994},{"SceneManager":504},{"Video":64},{"LazyScriptCache":32},{"Camera":17},{"Secure":2113},{"SerializationCache":1576},{"APIUpdating":10320},{"Subsystems":336},{"VirtualTexturing":57888},{"StaticSafetyDebugInfo":278528},{"Analytics":384},{"Hierarchy":608},{"CoreStats":13032},{"Identifiers":12960},{"Gui":96},{"EditorUtility":108098},{"VersionControl":4},{"Undo":947},{"AssetDatabase":8931722},{"EditorGi":328},{"UnityConnect":29208},{"Upm":1896},{"AssetCompliance":64},{"DrivenProperties":72},{"LocalIPC":211},{"ProfilerEditor":9746},{"CoreBusinessMetrics":2877},{"Licensing":664},{"AssetReference":32},{"IPCStream":32}]}
